../Drivers/STM32F4xx_HAL_Driver/Inc/stm32f4xx_ll_dma.h:1737:26:LL_DMA_IsActiveFlag_TC0	16	static
../Drivers/STM32F4xx_HAL_Driver/Inc/stm32f4xx_ll_dma.h:1814:26:LL_DMA_IsActiveFlag_TC7	16	static
../Drivers/STM32F4xx_HAL_Driver/Inc/stm32f4xx_ll_dma.h:1825:26:LL_DMA_IsActiveFlag_TE0	16	static
../Drivers/STM32F4xx_HAL_Driver/Inc/stm32f4xx_ll_dma.h:1902:26:LL_DMA_IsActiveFlag_TE7	16	static
../Drivers/STM32F4xx_HAL_Driver/Inc/stm32f4xx_ll_dma.h:2265:22:LL_DMA_ClearFlag_TE0	16	static
../Drivers/STM32F4xx_HAL_Driver/Inc/stm32f4xx_ll_dma.h:2342:22:LL_DMA_ClearFlag_TE7	16	static
../Drivers/STM32F4xx_HAL_Driver/Inc/stm32f4xx_ll_usart.h:1748:26:LL_USART_IsActiveFlag_FE	16	static
../Drivers/STM32F4xx_HAL_Driver/Inc/stm32f4xx_ll_usart.h:1759:26:LL_USART_IsActiveFlag_NE	16	static
../Drivers/STM32F4xx_HAL_Driver/Inc/stm32f4xx_ll_usart.h:1770:26:LL_USART_IsActiveFlag_ORE	16	static
../Drivers/STM32F4xx_HAL_Driver/Inc/stm32f4xx_ll_usart.h:1792:26:LL_USART_IsActiveFlag_RXNE	16	static
../Drivers/STM32F4xx_HAL_Driver/Inc/stm32f4xx_ll_usart.h:2227:26:LL_USART_IsEnabledIT_RXNE	16	static
../Core/Src/stm32f4xx_it.c:70:6:NMI_Handler	4	static
../Core/Src/stm32f4xx_it.c:85:6:HardFault_Handler	4	static
../Core/Src/stm32f4xx_it.c:100:6:MemManage_Handler	4	static
../Core/Src/stm32f4xx_it.c:115:6:BusFault_Handler	4	static
../Core/Src/stm32f4xx_it.c:130:6:UsageFault_Handler	4	static
../Core/Src/stm32f4xx_it.c:145:6:SVC_Handler	4	static
../Core/Src/stm32f4xx_it.c:158:6:DebugMon_Handler	4	static
../Core/Src/stm32f4xx_it.c:171:6:PendSV_Handler	4	static
../Core/Src/stm32f4xx_it.c:184:6:SysTick_Handler	4	static
../Core/Src/stm32f4xx_it.c:205:6:DMA1_Stream0_IRQHandler	8	static
../Core/Src/stm32f4xx_it.c:226:6:DMA1_Stream7_IRQHandler	8	static
../Core/Src/stm32f4xx_it.c:248:6:UART5_IRQHandler	8	static
