../Core/Src/st7789.c:9:6:ST7789_Init	16	static
../Core/Src/st7789.c:30:6:ST7789_HardReset	8	static
../Core/Src/st7789.c:38:6:ST7789_SoftReset	8	static
../Core/Src/st7789.c:44:6:ST7789_SendCmd	16	static
../Core/Src/st7789.c:53:6:ST7789_SendData	16	static
../Core/Src/st7789.c:62:6:ST7789_SleepModeEnter	8	static
../Core/Src/st7789.c:68:6:ST7789_SleepModeExit	8	static
../Core/Src/st7789.c:75:6:ST7789_ColorModeSet	16	static
../Core/Src/st7789.c:81:6:ST7789_MemAccessModeSet	32	static
../Core/Src/st7789.c:127:6:ST7789_InversionMode	16	static
../Core/Src/st7789.c:135:6:ST7789_FillScreen	24	static
../Core/Src/st7789.c:140:6:ST7789_FillRect	32	static
../Core/Src/st7789.c:149:6:ST7789_SetWindow	24	static
../Core/Src/st7789.c:156:6:ST7789_RamWrite	16	static
../Core/Src/st7789.c:165:13:ST7789_ColumnSet	16	static
../Core/Src/st7789.c:182:13:ST7789_RowSet	16	static
../Core/Src/st7789.c:199:6:ST7789_SetBL	16	static
../Core/Src/st7789.c:214:6:ST7789_DisplayPower	16	static
../Core/Src/st7789.c:222:6:ST7789_DrawRectangle	32	static
../Core/Src/st7789.c:230:6:ST7789_DrawRectangleFilled	32	static
../Core/Src/st7789.c:239:6:ST7789_DrawLine	32	static
../Core/Src/st7789.c:266:13:SwapInt16Values	24	static
../Core/Src/st7789.c:273:13:ST7789_DrawLine_Slow	40	static
../Core/Src/st7789.c:302:6:ST7789_DrawPixel	16	static
../Core/Src/st7789.c:311:6:ST7789_DrawCircleFilled	48	static
../Core/Src/st7789.c:346:6:ST7789_DrawCircle	40	static
