../Drivers/STM32F1xx_HAL_Driver/Inc/stm32f1xx_ll_exti.h:775:26:LL_EXTI_IsActiveFlag_0_31	16	static
../Drivers/STM32F1xx_HAL_Driver/Inc/stm32f1xx_ll_exti.h:843:22:LL_EXTI_ClearFlag_0_31	16	static
../Drivers/STM32F1xx_HAL_Driver/Inc/stm32f1xx_ll_usart.h:1795:26:LL_USART_IsActiveFlag_FE	16	static
../Drivers/STM32F1xx_HAL_Driver/Inc/stm32f1xx_ll_usart.h:1806:26:LL_USART_IsActiveFlag_NE	16	static
../Drivers/STM32F1xx_HAL_Driver/Inc/stm32f1xx_ll_usart.h:1817:26:LL_USART_IsActiveFlag_ORE	16	static
../Drivers/STM32F1xx_HAL_Driver/Inc/stm32f1xx_ll_usart.h:1839:26:LL_USART_IsActiveFlag_RXNE	16	static
../Drivers/STM32F1xx_HAL_Driver/Inc/stm32f1xx_ll_usart.h:2274:26:LL_USART_IsEnabledIT_RXNE	16	static
../Drivers/STM32F1xx_HAL_Driver/Inc/stm32f1xx_ll_usart.h:2450:25:LL_USART_ReceiveData8	16	static
../Drivers/STM32F1xx_HAL_Driver/Inc/stm32f1xx_ll_gpio.h:723:26:LL_GPIO_IsInputPinSet	16	static
../Drivers/STM32F1xx_HAL_Driver/Inc/stm32f1xx_ll_gpio.h:804:22:LL_GPIO_SetOutputPin	16	static
../Drivers/STM32F1xx_HAL_Driver/Inc/stm32f1xx_ll_gpio.h:833:22:LL_GPIO_ResetOutputPin	16	static
../Core/Src/stm32f1xx_it.c:59:7:USART1_RX_Callback	16	static
../Core/Src/stm32f1xx_it.c:83:6:NMI_Handler	4	static
../Core/Src/stm32f1xx_it.c:98:6:HardFault_Handler	4	static
../Core/Src/stm32f1xx_it.c:113:6:MemManage_Handler	4	static
../Core/Src/stm32f1xx_it.c:128:6:BusFault_Handler	4	static
../Core/Src/stm32f1xx_it.c:143:6:UsageFault_Handler	4	static
../Core/Src/stm32f1xx_it.c:158:6:SVC_Handler	4	static
../Core/Src/stm32f1xx_it.c:171:6:DebugMon_Handler	4	static
../Core/Src/stm32f1xx_it.c:184:6:PendSV_Handler	4	static
../Core/Src/stm32f1xx_it.c:197:6:SysTick_Handler	8	static
../Core/Src/stm32f1xx_it.c:218:6:EXTI0_IRQHandler	8	static
../Core/Src/stm32f1xx_it.c:244:6:USART1_IRQHandler	8	static
