../Drivers/CMSIS/Include/core_cm3.h:1480:22:__NVIC_SetPriorityGrouping	24	static
../Drivers/CMSIS/Include/core_cm3.h:1499:26:__NVIC_GetPriorityGrouping	4	static
../Drivers/CMSIS/Include/core_cm3.h:1639:22:__NVIC_SetPriority	16	static
../Drivers/CMSIS/Include/core_cm3.h:1686:26:NVIC_EncodePriority	40	static
../Drivers/STM32F1xx_HAL_Driver/Inc/stm32f1xx_ll_rcc.h:774:22:LL_RCC_HSE_Enable	4	static
../Drivers/STM32F1xx_HAL_Driver/Inc/stm32f1xx_ll_rcc.h:794:26:LL_RCC_HSE_IsReady	4	static
../Drivers/STM32F1xx_HAL_Driver/Inc/stm32f1xx_ll_rcc.h:1014:22:LL_RCC_SetSysClkSource	16	static
../Drivers/STM32F1xx_HAL_Driver/Inc/stm32f1xx_ll_rcc.h:1027:26:LL_RCC_GetSysClkSource	4	static
../Drivers/STM32F1xx_HAL_Driver/Inc/stm32f1xx_ll_rcc.h:1047:22:LL_RCC_SetAHBPrescaler	16	static
../Drivers/STM32F1xx_HAL_Driver/Inc/stm32f1xx_ll_rcc.h:1063:22:LL_RCC_SetAPB1Prescaler	16	static
../Drivers/STM32F1xx_HAL_Driver/Inc/stm32f1xx_ll_rcc.h:1079:22:LL_RCC_SetAPB2Prescaler	16	static
../Drivers/STM32F1xx_HAL_Driver/Inc/stm32f1xx_ll_rcc.h:1387:22:LL_RCC_PLL_Enable	4	static
../Drivers/STM32F1xx_HAL_Driver/Inc/stm32f1xx_ll_rcc.h:1408:26:LL_RCC_PLL_IsReady	4	static
../Drivers/STM32F1xx_HAL_Driver/Inc/stm32f1xx_ll_rcc.h:1477:22:LL_RCC_PLL_ConfigDomain_SYS	16	static
../Drivers/STM32F1xx_HAL_Driver/Inc/stm32f1xx_ll_bus.h:447:22:LL_APB1_GRP1_EnableClock	24	static
../Drivers/STM32F1xx_HAL_Driver/Inc/stm32f1xx_ll_bus.h:763:22:LL_APB2_GRP1_EnableClock	24	static
../Drivers/STM32F1xx_HAL_Driver/Inc/stm32f1xx_ll_system.h:470:22:LL_FLASH_SetLatency	16	static
../Drivers/STM32F1xx_HAL_Driver/Inc/stm32f1xx_ll_system.h:483:26:LL_FLASH_GetLatency	4	static
../Drivers/STM32F1xx_HAL_Driver/Inc/stm32f1xx_ll_tim.h:1063:22:LL_TIM_EnableCounter	16	static
../Drivers/STM32F1xx_HAL_Driver/Inc/stm32f1xx_ll_tim.h:1540:22:LL_TIM_CC_EnableChannel	16	static
../Drivers/STM32F1xx_HAL_Driver/Inc/stm32f1xx_ll_tim.h:2045:22:LL_TIM_OC_SetCompareCH1	16	static
../Drivers/STM32F1xx_HAL_Driver/Inc/stm32f1xx_ll_gpio.h:1565:22:LL_GPIO_AF_Remap_SWJ_NOJTAG	4	static
../Core/Src/main.c:64:5:main	8	static
../Core/Src/main.c:122:6:SystemClock_Config	8	static
../Core/Src/main.c:165:6:Error_Handler	4	static,ignoring_inline_asm
