../Core/Src/st7789.c:5148:6:ST7789_Init	16	static
../Core/Src/st7789.c:5169:6:ST7789_HardReset	8	static
../Core/Src/st7789.c:5177:6:ST7789_SoftReset	8	static
../Core/Src/st7789.c:5183:6:ST7789_SendCmd	16	static
../Core/Src/st7789.c:5192:6:ST7789_SendData	16	static
../Core/Src/st7789.c:5201:6:ST7789_SleepModeEnter	8	static
../Core/Src/st7789.c:5207:6:ST7789_SleepModeExit	8	static
../Core/Src/st7789.c:5214:6:ST7789_ColorModeSet	16	static
../Core/Src/st7789.c:5220:6:ST7789_MemAccessModeSet	32	static
../Core/Src/st7789.c:5266:6:ST7789_InversionMode	16	static
../Core/Src/st7789.c:5274:6:ST7789_FillScreen	24	static
../Core/Src/st7789.c:5279:6:ST7789_FillRect	32	static
../Core/Src/st7789.c:5288:6:ST7789_SetWindow	24	static
../Core/Src/st7789.c:5295:6:ST7789_RamWrite	16	static
../Core/Src/st7789.c:5304:13:ST7789_ColumnSet	16	static
../Core/Src/st7789.c:5321:13:ST7789_RowSet	16	static
../Core/Src/st7789.c:5338:6:ST7789_SetBL	16	static
../Core/Src/st7789.c:5353:6:ST7789_DisplayPower	16	static
../Core/Src/st7789.c:5361:6:ST7789_DrawRectangle	32	static
../Core/Src/st7789.c:5369:6:ST7789_DrawRectangleFilled	32	static
../Core/Src/st7789.c:5378:6:ST7789_DrawLine	32	static
../Core/Src/st7789.c:5405:13:SwapInt16Values	24	static
../Core/Src/st7789.c:5412:13:ST7789_DrawLine_Slow	40	static
../Core/Src/st7789.c:5441:6:ST7789_DrawPixel	16	static
../Core/Src/st7789.c:5450:6:ST7789_DrawCircleFilled	48	static
../Core/Src/st7789.c:5485:6:ST7789_DrawCircle	40	static
../Core/Src/st7789.c:5522:6:ST7789_DrawChar	56	static
../Core/Src/st7789.c:5564:6:ST7789_String	40	static
