Archive member included to satisfy reference by file (symbol)

/Applications/STM32CubeIDE.app/Contents/Eclipse/plugins/com.st.stm32cube.ide.mcu.externaltools.gnu-tools-for-stm32.10.3-2021.10.macos64_1.0.0.202111181127/tools/bin/../lib/gcc/arm-none-eabi/10.3.1/../../../../arm-none-eabi/lib/thumb/v7e-m+fp/hard/libc_nano.a(lib_a-errno.o)
                              ./Core/Src/syscalls.o (__errno)
/Applications/STM32CubeIDE.app/Contents/Eclipse/plugins/com.st.stm32cube.ide.mcu.externaltools.gnu-tools-for-stm32.10.3-2021.10.macos64_1.0.0.202111181127/tools/bin/../lib/gcc/arm-none-eabi/10.3.1/../../../../arm-none-eabi/lib/thumb/v7e-m+fp/hard/libc_nano.a(lib_a-exit.o)
                              /Applications/STM32CubeIDE.app/Contents/Eclipse/plugins/com.st.stm32cube.ide.mcu.externaltools.gnu-tools-for-stm32.10.3-2021.10.macos64_1.0.0.202111181127/tools/bin/../lib/gcc/arm-none-eabi/10.3.1/../../../../arm-none-eabi/lib/thumb/v7e-m+fp/hard/crt0.o (exit)
/Applications/STM32CubeIDE.app/Contents/Eclipse/plugins/com.st.stm32cube.ide.mcu.externaltools.gnu-tools-for-stm32.10.3-2021.10.macos64_1.0.0.202111181127/tools/bin/../lib/gcc/arm-none-eabi/10.3.1/../../../../arm-none-eabi/lib/thumb/v7e-m+fp/hard/libc_nano.a(lib_a-impure.o)
                              /Applications/STM32CubeIDE.app/Contents/Eclipse/plugins/com.st.stm32cube.ide.mcu.externaltools.gnu-tools-for-stm32.10.3-2021.10.macos64_1.0.0.202111181127/tools/bin/../lib/gcc/arm-none-eabi/10.3.1/../../../../arm-none-eabi/lib/thumb/v7e-m+fp/hard/libc_nano.a(lib_a-exit.o) (_global_impure_ptr)
/Applications/STM32CubeIDE.app/Contents/Eclipse/plugins/com.st.stm32cube.ide.mcu.externaltools.gnu-tools-for-stm32.10.3-2021.10.macos64_1.0.0.202111181127/tools/bin/../lib/gcc/arm-none-eabi/10.3.1/../../../../arm-none-eabi/lib/thumb/v7e-m+fp/hard/libc_nano.a(lib_a-init.o)
                              /Applications/STM32CubeIDE.app/Contents/Eclipse/plugins/com.st.stm32cube.ide.mcu.externaltools.gnu-tools-for-stm32.10.3-2021.10.macos64_1.0.0.202111181127/tools/bin/../lib/gcc/arm-none-eabi/10.3.1/../../../../arm-none-eabi/lib/thumb/v7e-m+fp/hard/crt0.o (__libc_init_array)
/Applications/STM32CubeIDE.app/Contents/Eclipse/plugins/com.st.stm32cube.ide.mcu.externaltools.gnu-tools-for-stm32.10.3-2021.10.macos64_1.0.0.202111181127/tools/bin/../lib/gcc/arm-none-eabi/10.3.1/../../../../arm-none-eabi/lib/thumb/v7e-m+fp/hard/libc_nano.a(lib_a-memset.o)
                              /Applications/STM32CubeIDE.app/Contents/Eclipse/plugins/com.st.stm32cube.ide.mcu.externaltools.gnu-tools-for-stm32.10.3-2021.10.macos64_1.0.0.202111181127/tools/bin/../lib/gcc/arm-none-eabi/10.3.1/../../../../arm-none-eabi/lib/thumb/v7e-m+fp/hard/crt0.o (memset)
/Applications/STM32CubeIDE.app/Contents/Eclipse/plugins/com.st.stm32cube.ide.mcu.externaltools.gnu-tools-for-stm32.10.3-2021.10.macos64_1.0.0.202111181127/tools/bin/../lib/gcc/arm-none-eabi/10.3.1/../../../../arm-none-eabi/lib/thumb/v7e-m+fp/hard/libc_nano.a(lib_a-snprintf.o)
                              ./Core/Src/main.o (snprintf)
/Applications/STM32CubeIDE.app/Contents/Eclipse/plugins/com.st.stm32cube.ide.mcu.externaltools.gnu-tools-for-stm32.10.3-2021.10.macos64_1.0.0.202111181127/tools/bin/../lib/gcc/arm-none-eabi/10.3.1/../../../../arm-none-eabi/lib/thumb/v7e-m+fp/hard/libc_nano.a(lib_a-nano-svfprintf.o)
                              /Applications/STM32CubeIDE.app/Contents/Eclipse/plugins/com.st.stm32cube.ide.mcu.externaltools.gnu-tools-for-stm32.10.3-2021.10.macos64_1.0.0.202111181127/tools/bin/../lib/gcc/arm-none-eabi/10.3.1/../../../../arm-none-eabi/lib/thumb/v7e-m+fp/hard/libc_nano.a(lib_a-snprintf.o) (_svfprintf_r)
/Applications/STM32CubeIDE.app/Contents/Eclipse/plugins/com.st.stm32cube.ide.mcu.externaltools.gnu-tools-for-stm32.10.3-2021.10.macos64_1.0.0.202111181127/tools/bin/../lib/gcc/arm-none-eabi/10.3.1/../../../../arm-none-eabi/lib/thumb/v7e-m+fp/hard/libc_nano.a(lib_a-nano-vfprintf_i.o)
                              /Applications/STM32CubeIDE.app/Contents/Eclipse/plugins/com.st.stm32cube.ide.mcu.externaltools.gnu-tools-for-stm32.10.3-2021.10.macos64_1.0.0.202111181127/tools/bin/../lib/gcc/arm-none-eabi/10.3.1/../../../../arm-none-eabi/lib/thumb/v7e-m+fp/hard/libc_nano.a(lib_a-nano-svfprintf.o) (_printf_i)
/Applications/STM32CubeIDE.app/Contents/Eclipse/plugins/com.st.stm32cube.ide.mcu.externaltools.gnu-tools-for-stm32.10.3-2021.10.macos64_1.0.0.202111181127/tools/bin/../lib/gcc/arm-none-eabi/10.3.1/../../../../arm-none-eabi/lib/thumb/v7e-m+fp/hard/libc_nano.a(lib_a-memchr.o)
                              /Applications/STM32CubeIDE.app/Contents/Eclipse/plugins/com.st.stm32cube.ide.mcu.externaltools.gnu-tools-for-stm32.10.3-2021.10.macos64_1.0.0.202111181127/tools/bin/../lib/gcc/arm-none-eabi/10.3.1/../../../../arm-none-eabi/lib/thumb/v7e-m+fp/hard/libc_nano.a(lib_a-nano-svfprintf.o) (memchr)
[...]
Memory Configuration

Name             Origin             Length             Attributes
CCMRAM           0x0000000010000000 0x0000000000001000 xrw
RAM              0x0000000020000000 0x0000000000003000 xrw
FLASH            0x0000000008000000 0x0000000000010000 xr
*default*        0x0000000000000000 0xffffffffffffffff

Linker script and memory map

LOAD /Applications/STM32CubeIDE.app/Contents/Eclipse/plugins/com.st.stm32cube.ide.mcu.externaltools.gnu-tools-for-stm32.10.3-2021.10.macos64_1.0.0.202111181127/tools/bin/../lib/gcc/arm-none-eabi/10.3.1/thumb/v7e-m+fp/hard/crti.o
LOAD /Applications/STM32CubeIDE.app/Contents/Eclipse/plugins/com.st.stm32cube.ide.mcu.externaltools.gnu-tools-for-stm32.10.3-2021.10.macos64_1.0.0.202111181127/tools/bin/../lib/gcc/arm-none-eabi/10.3.1/thumb/v7e-m+fp/hard/crtbegin.o
LOAD /Applications/STM32CubeIDE.app/Contents/Eclipse/plugins/com.st.stm32cube.ide.mcu.externaltools.gnu-tools-for-stm32.10.3-2021.10.macos64_1.0.0.202111181127/tools/bin/../lib/gcc/arm-none-eabi/10.3.1/../../../../arm-none-eabi/lib/thumb/v7e-m+fp/hard/crt0.o
LOAD ./Core/Src/gpio.o
LOAD ./Core/Src/main.o
LOAD ./Core/Src/spi.o
LOAD ./Core/Src/st7789.o
LOAD ./Core/Src/stm32f3xx_hal_msp.o
LOAD ./Core/Src/stm32f3xx_it.o
LOAD ./Core/Src/syscalls.o
LOAD ./Core/Src/sysmem.o
LOAD ./Core/Src/system_stm32f3xx.o
LOAD ./Core/Src/usart.o
LOAD ./Core/Startup/startup_stm32f303k8tx.o
LOAD ./Drivers/STM32F3xx_HAL_Driver/Src/stm32f3xx_hal.o
LOAD ./Drivers/STM32F3xx_HAL_Driver/Src/stm32f3xx_hal_cortex.o
LOAD ./Drivers/STM32F3xx_HAL_Driver/Src/stm32f3xx_hal_dma.o
LOAD ./Drivers/STM32F3xx_HAL_Driver/Src/stm32f3xx_hal_exti.o
LOAD ./Drivers/STM32F3xx_HAL_Driver/Src/stm32f3xx_hal_flash.o
LOAD ./Drivers/STM32F3xx_HAL_Driver/Src/stm32f3xx_hal_flash_ex.o
LOAD ./Drivers/STM32F3xx_HAL_Driver/Src/stm32f3xx_hal_gpio.o
LOAD ./Drivers/STM32F3xx_HAL_Driver/Src/stm32f3xx_hal_i2c.o
LOAD ./Drivers/STM32F3xx_HAL_Driver/Src/stm32f3xx_hal_i2c_ex.o
LOAD ./Drivers/STM32F3xx_HAL_Driver/Src/stm32f3xx_hal_pwr.o
LOAD ./Drivers/STM32F3xx_HAL_Driver/Src/stm32f3xx_hal_pwr_ex.o
LOAD ./Drivers/STM32F3xx_HAL_Driver/Src/stm32f3xx_hal_rcc.o
LOAD ./Drivers/STM32F3xx_HAL_Driver/Src/stm32f3xx_hal_rcc_ex.o
LOAD ./Drivers/STM32F3xx_HAL_Driver/Src/stm32f3xx_hal_spi.o
LOAD ./Drivers/STM32F3xx_HAL_Driver/Src/stm32f3xx_hal_spi_ex.o
LOAD ./Drivers/STM32F3xx_HAL_Driver/Src/stm32f3xx_hal_tim.o
LOAD ./Drivers/STM32F3xx_HAL_Driver/Src/stm32f3xx_hal_tim_ex.o
LOAD ./Drivers/STM32F3xx_HAL_Driver/Src/stm32f3xx_hal_uart.o
LOAD ./Drivers/STM32F3xx_HAL_Driver/Src/stm32f3xx_hal_uart_ex.o
LOAD ./Drivers/STM32F3xx_HAL_Driver/Src/stm32f3xx_ll_exti.o
LOAD ./Drivers/STM32F3xx_HAL_Driver/Src/stm32f3xx_ll_gpio.o
LOAD ./Drivers/STM32F3xx_HAL_Driver/Src/stm32f3xx_ll_rcc.o
LOAD ./Drivers/STM32F3xx_HAL_Driver/Src/stm32f3xx_ll_utils.o
START GROUP
LOAD /Applications/STM32CubeIDE.app/Contents/Eclipse/plugins/com.st.stm32cube.ide.mcu.externaltools.gnu-tools-for-stm32.10.3-2021.10.macos64_1.0.0.202111181127/tools/bin/../lib/gcc/arm-none-eabi/10.3.1/../../../../arm-none-eabi/lib/thumb/v7e-m+fp/hard/libc_nano.a
LOAD /Applications/STM32CubeIDE.app/Contents/Eclipse/plugins/com.st.stm32cube.ide.mcu.externaltools.gnu-tools-for-stm32.10.3-2021.10.macos64_1.0.0.202111181127/tools/bin/../lib/gcc/arm-none-eabi/10.3.1/../../../../arm-none-eabi/lib/thumb/v7e-m+fp/hard/libm.a
END GROUP
START GROUP
LOAD /Applications/STM32CubeIDE.app/Contents/Eclipse/plugins/com.st.stm32cube.ide.mcu.externaltools.gnu-tools-for-stm32.10.3-2021.10.macos64_1.0.0.202111181127/tools/bin/../lib/gcc/arm-none-eabi/10.3.1/thumb/v7e-m+fp/hard/libgcc.a
LOAD /Applications/STM32CubeIDE.app/Contents/Eclipse/plugins/com.st.stm32cube.ide.mcu.externaltools.gnu-tools-for-stm32.10.3-2021.10.macos64_1.0.0.202111181127/tools/bin/../lib/gcc/arm-none-eabi/10.3.1/../../../../arm-none-eabi/lib/thumb/v7e-m+fp/hard/libc_nano.a
END GROUP
START GROUP
LOAD /Applications/STM32CubeIDE.app/Contents/Eclipse/plugins/com.st.stm32cube.ide.mcu.externaltools.gnu-tools-for-stm32.10.3-2021.10.macos64_1.0.0.202111181127/tools/bin/../lib/gcc/arm-none-eabi/10.3.1/thumb/v7e-m+fp/hard/libgcc.a
LOAD /Applications/STM32CubeIDE.app/Contents/Eclipse/plugins/com.st.stm32cube.ide.mcu.externaltools.gnu-tools-for-stm32.10.3-2021.10.macos64_1.0.0.202111181127/tools/bin/../lib/gcc/arm-none-eabi/10.3.1/../../../../arm-none-eabi/lib/thumb/v7e-m+fp/hard/libc_nano.a
LOAD /Applications/STM32CubeIDE.app/Contents/Eclipse/plugins/com.st.stm32cube.ide.mcu.externaltools.gnu-tools-for-stm32.10.3-2021.10.macos64_1.0.0.202111181127/tools/bin/../lib/gcc/arm-none-eabi/10.3.1/../../../../arm-none-eabi/lib/thumb/v7e-m+fp/hard/libnosys.a
END GROUP
START GROUP
LOAD /Applications/STM32CubeIDE.app/Contents/Eclipse/plugins/com.st.stm32cube.ide.mcu.externaltools.gnu-tools-for-stm32.10.3-2021.10.macos64_1.0.0.202111181127/tools/bin/../lib/gcc/arm-none-eabi/10.3.1/thumb/v7e-m+fp/hard/libgcc.a
LOAD /Applications/STM32CubeIDE.app/Contents/Eclipse/plugins/com.st.stm32cube.ide.mcu.externaltools.gnu-tools-for-stm32.10.3-2021.10.macos64_1.0.0.202111181127/tools/bin/../lib/gcc/arm-none-eabi/10.3.1/../../../../arm-none-eabi/lib/thumb/v7e-m+fp/hard/libc_nano.a
LOAD /Applications/STM32CubeIDE.app/Contents/Eclipse/plugins/com.st.stm32cube.ide.mcu.externaltools.gnu-tools-for-stm32.10.3-2021.10.macos64_1.0.0.202111181127/tools/bin/../lib/gcc/arm-none-eabi/10.3.1/../../../../arm-none-eabi/lib/thumb/v7e-m+fp/hard/libnosys.a
END GROUP
LOAD /Applications/STM32CubeIDE.app/Contents/Eclipse/plugins/com.st.stm32cube.ide.mcu.externaltools.gnu-tools-for-stm32.10.3-2021.10.macos64_1.0.0.202111181127/tools/bin/../lib/gcc/arm-none-eabi/10.3.1/thumb/v7e-m+fp/hard/crtend.o
LOAD /Applications/STM32CubeIDE.app/Contents/Eclipse/plugins/com.st.stm32cube.ide.mcu.externaltools.gnu-tools-for-stm32.10.3-2021.10.macos64_1.0.0.202111181127/tools/bin/../lib/gcc/arm-none-eabi/10.3.1/thumb/v7e-m+fp/hard/crtn.o
                0x0000000020003000                _estack = (ORIGIN (RAM) + LENGTH (RAM))
                0x0000000000000200                _Min_Heap_Size = 0x200
                0x0000000000000400                _Min_Stack_Size = 0x400

.isr_vector     0x0000000008000000      0x188
                0x0000000008000000                . = ALIGN (0x4)
 *(.isr_vector)
 .isr_vector    0x0000000008000000      0x188 ./Core/Startup/startup_stm32f303k8tx.o
                0x0000000008000000                g_pfnVectors
                0x0000000008000188                . = ALIGN (0x4)

.text           0x0000000008000188     0x25f8
                0x0000000008000188                . = ALIGN (0x4)
 *(.text)
 .text          0x0000000008000188       0x40 /Applications/STM32CubeIDE.app/Contents/Eclipse/plugins/com.st.stm32cube.ide.mcu.externaltools.gnu-tools-for-stm32.10.3-2021.10.macos64_1.0.0.202111181127/tools/bin/../lib/gcc/arm-none-eabi/10.3.1/thumb/v7e-m+fp/hard/crtbegin.o
 *(.text*)
 .text.__NVIC_GetPriorityGrouping
                0x00000000080001c8       0x1c ./Core/Src/gpio.o
 .text.__NVIC_EnableIRQ
                0x00000000080001e4       0x3c ./Core/Src/gpio.o
 .text.__NVIC_SetPriority
                0x0000000008000220       0x54 ./Core/Src/gpio.o
 .text.NVIC_EncodePriority
                0x0000000008000274       0x66 ./Core/Src/gpio.o
 *fill*         0x00000000080002da        0x2 
 .text.LL_AHB1_GRP1_EnableClock
                0x00000000080002dc       0x30 ./Core/Src/gpio.o
 .text.LL_SYSCFG_SetEXTISource
                0x000000000800030c       0x5c ./Core/Src/gpio.o
 .text.LL_GPIO_SetPinMode
                0x0000000008000368       0x5e ./Core/Src/gpio.o
 .text.LL_GPIO_SetPinPull
                0x00000000080003c6       0x5e ./Core/Src/gpio.o
 .text.LL_GPIO_ResetOutputPin
                0x0000000008000424       0x1c ./Core/Src/gpio.o
 .text.MX_GPIO_Init
                0x0000000008000440       0xd4 ./Core/Src/gpio.o
                0x0000000008000440                MX_GPIO_Init
 .text.LL_RCC_HSI_Enable
                0x0000000008000514       0x20 ./Core/Src/main.o
 .text.LL_RCC_HSI_IsReady
                0x0000000008000534       0x24 ./Core/Src/main.o
 .text.LL_RCC_HSI_SetCalibTrimming
                0x0000000008000558       0x2c ./Core/Src/main.o
 .text.LL_RCC_SetSysClkSource
                0x0000000008000584       0x28 ./Core/Src/main.o
 .text.LL_RCC_GetSysClkSource
                0x00000000080005ac       0x1c ./Core/Src/main.o
 .text.LL_RCC_SetAHBPrescaler
                0x00000000080005c8       0x28 ./Core/Src/main.o
 .text.LL_RCC_SetAPB1Prescaler
                0x00000000080005f0       0x28 ./Core/Src/main.o
 .text.LL_RCC_SetAPB2Prescaler
                0x0000000008000618       0x28 ./Core/Src/main.o
 .text.LL_FLASH_SetLatency
                0x0000000008000640       0x28 ./Core/Src/main.o
 .text.LL_FLASH_GetLatency
                0x0000000008000668       0x1c ./Core/Src/main.o
 .text.main     0x0000000008000684       0xa0 ./Core/Src/main.o
                0x0000000008000684                main
 .text.SystemClock_Config
                0x0000000008000724       0x70 ./Core/Src/main.o
                0x0000000008000724                SystemClock_Config
 .text.Error_Handler
                0x0000000008000794        0xa ./Core/Src/main.o
                0x0000000008000794                Error_Handler
 *fill*         0x000000000800079e        0x2 
 .text.MX_SPI1_Init
                0x00000000080007a0       0x7c ./Core/Src/spi.o
                0x00000000080007a0                MX_SPI1_Init
 .text.HAL_SPI_MspInit
                0x000000000800081c       0x84 ./Core/Src/spi.o
                0x000000000800081c                HAL_SPI_MspInit
 .text.ST7789_Init
                0x00000000080008a0       0x7c ./Core/Src/st7789.o
                0x00000000080008a0                ST7789_Init
 .text.ST7789_HardReset
                0x000000000800091c       0x2c ./Core/Src/st7789.o
                0x000000000800091c                ST7789_HardReset
 .text.ST7789_SoftReset
                0x0000000008000948       0x14 ./Core/Src/st7789.o
                0x0000000008000948                ST7789_SoftReset
 .text.ST7789_SendCmd
                0x000000000800095c       0x44 ./Core/Src/st7789.o
                0x000000000800095c                ST7789_SendCmd
 .text.ST7789_SendData
                0x00000000080009a0       0x44 ./Core/Src/st7789.o
                0x00000000080009a0                ST7789_SendData
 .text.ST7789_SleepModeExit
                0x00000000080009e4       0x16 ./Core/Src/st7789.o
                0x00000000080009e4                ST7789_SleepModeExit
 .text.ST7789_ColorModeSet
                0x00000000080009fa       0x26 ./Core/Src/st7789.o
                0x00000000080009fa                ST7789_ColorModeSet
 .text.ST7789_MemAccessModeSet
                0x0000000008000a20       0xbc ./Core/Src/st7789.o
                0x0000000008000a20                ST7789_MemAccessModeSet
 .text.ST7789_InversionMode
                0x0000000008000adc       0x26 ./Core/Src/st7789.o
                0x0000000008000adc                ST7789_InversionMode
 *fill*         0x0000000008000b02        0x2 
 .text.ST7789_FillScreen
                0x0000000008000b04       0x34 ./Core/Src/st7789.o
                0x0000000008000b04                ST7789_FillScreen
 .text.ST7789_FillRect
                0x0000000008000b38       0xe0 ./Core/Src/st7789.o
                0x0000000008000b38                ST7789_FillRect
 .text.ST7789_SetWindow
                0x0000000008000c18       0x4c ./Core/Src/st7789.o
                0x0000000008000c18                ST7789_SetWindow
 .text.ST7789_RamWrite
                0x0000000008000c64       0x3e ./Core/Src/st7789.o
                0x0000000008000c64                ST7789_RamWrite
 *fill*         0x0000000008000ca2        0x2 
 .text.ST7789_ColumnSet
                0x0000000008000ca4       0x6c ./Core/Src/st7789.o
 .text.ST7789_RowSet
                0x0000000008000d10       0x6c ./Core/Src/st7789.o
 .text.ST7789_SetBL
                0x0000000008000d7c       0x3c ./Core/Src/st7789.o
                0x0000000008000d7c                ST7789_SetBL
 .text.ST7789_DisplayPower
                0x0000000008000db8       0x26 ./Core/Src/st7789.o
                0x0000000008000db8                ST7789_DisplayPower
 *fill*         0x0000000008000dde        0x2 
 .text.ST7789_DrawPixel
                0x0000000008000de0       0x6c ./Core/Src/st7789.o
                0x0000000008000de0                ST7789_DrawPixel
 .text.HAL_MspInit
                0x0000000008000e4c       0x48 ./Core/Src/stm32f3xx_hal_msp.o
                0x0000000008000e4c                HAL_MspInit
 .text.LL_EXTI_IsActiveFlag_0_31
                0x0000000008000e94       0x2c ./Core/Src/stm32f3xx_it.o
 .text.LL_EXTI_ClearFlag_0_31
                0x0000000008000ec0       0x20 ./Core/Src/stm32f3xx_it.o
 .text.NMI_Handler
                0x0000000008000ee0        0x6 ./Core/Src/stm32f3xx_it.o
                0x0000000008000ee0                NMI_Handler
 .text.HardFault_Handler
                0x0000000008000ee6        0x6 ./Core/Src/stm32f3xx_it.o
                0x0000000008000ee6                HardFault_Handler
 .text.MemManage_Handler
                0x0000000008000eec        0x6 ./Core/Src/stm32f3xx_it.o
                0x0000000008000eec                MemManage_Handler
 .text.BusFault_Handler
                0x0000000008000ef2        0x6 ./Core/Src/stm32f3xx_it.o
                0x0000000008000ef2                BusFault_Handler
 .text.UsageFault_Handler
                0x0000000008000ef8        0x6 ./Core/Src/stm32f3xx_it.o
                0x0000000008000ef8                UsageFault_Handler
 .text.SVC_Handler
                0x0000000008000efe        0xe ./Core/Src/stm32f3xx_it.o
                0x0000000008000efe                SVC_Handler
 .text.DebugMon_Handler
                0x0000000008000f0c        0xe ./Core/Src/stm32f3xx_it.o
                0x0000000008000f0c                DebugMon_Handler
 .text.PendSV_Handler
                0x0000000008000f1a        0xe ./Core/Src/stm32f3xx_it.o
                0x0000000008000f1a                PendSV_Handler
 .text.SysTick_Handler
                0x0000000008000f28        0xc ./Core/Src/stm32f3xx_it.o
                0x0000000008000f28                SysTick_Handler
 .text.EXTI1_IRQHandler
                0x0000000008000f34       0x24 ./Core/Src/stm32f3xx_it.o
                0x0000000008000f34                EXTI1_IRQHandler
 .text.SystemInit
                0x0000000008000f58       0x24 ./Core/Src/system_stm32f3xx.o
                0x0000000008000f58                SystemInit
 .text.MX_USART2_UART_Init
                0x0000000008000f7c       0x60 ./Core/Src/usart.o
                0x0000000008000f7c                MX_USART2_UART_Init
 .text.HAL_UART_MspInit
                0x0000000008000fdc       0x88 ./Core/Src/usart.o
                0x0000000008000fdc                HAL_UART_MspInit
 .text.Reset_Handler
                0x0000000008001064       0x50 ./Core/Startup/startup_stm32f303k8tx.o
                0x0000000008001064                Reset_Handler
 .text.Default_Handler
                0x00000000080010b4        0x2 ./Core/Startup/startup_stm32f303k8tx.o
                0x00000000080010b4                TIM1_BRK_TIM15_IRQHandler
                0x00000000080010b4                TIM1_CC_IRQHandler
                0x00000000080010b4                PVD_IRQHandler
                0x00000000080010b4                TAMP_STAMP_IRQHandler
                0x00000000080010b4                EXTI3_IRQHandler
                0x00000000080010b4                EXTI0_IRQHandler
                0x00000000080010b4                FPU_IRQHandler
                0x00000000080010b4                CAN_TX_IRQHandler
                0x00000000080010b4                TIM1_UP_TIM16_IRQHandler
                0x00000000080010b4                ADC1_2_IRQHandler
                0x00000000080010b4                SPI1_IRQHandler
                0x00000000080010b4                CAN_SCE_IRQHandler
                0x00000000080010b4                DMA1_Channel4_IRQHandler
                0x00000000080010b4                USART3_IRQHandler
                0x00000000080010b4                DMA1_Channel7_IRQHandler
                0x00000000080010b4                TIM7_DAC2_IRQHandler
                0x00000000080010b4                CAN_RX1_IRQHandler
                0x00000000080010b4                I2C1_EV_IRQHandler
                0x00000000080010b4                DMA1_Channel6_IRQHandler
                0x00000000080010b4                TIM3_IRQHandler
                0x00000000080010b4                RCC_IRQHandler
                0x00000000080010b4                DMA1_Channel1_IRQHandler
                0x00000000080010b4                Default_Handler
                0x00000000080010b4                EXTI15_10_IRQHandler
                0x00000000080010b4                COMP2_IRQHandler
                0x00000000080010b4                TIM6_DAC1_IRQHandler
                0x00000000080010b4                EXTI9_5_IRQHandler
                0x00000000080010b4                RTC_WKUP_IRQHandler
                0x00000000080010b4                DMA1_Channel5_IRQHandler
                0x00000000080010b4                EXTI4_IRQHandler
                0x00000000080010b4                TIM1_TRG_COM_TIM17_IRQHandler
                0x00000000080010b4                DMA1_Channel3_IRQHandler
                0x00000000080010b4                WWDG_IRQHandler
                0x00000000080010b4                TIM2_IRQHandler
                0x00000000080010b4                COMP4_6_IRQHandler
                0x00000000080010b4                USART2_IRQHandler
                0x00000000080010b4                DMA1_Channel2_IRQHandler
                0x00000000080010b4                FLASH_IRQHandler
                0x00000000080010b4                USART1_IRQHandler
                0x00000000080010b4                CAN_RX0_IRQHandler
                0x00000000080010b4                I2C1_ER_IRQHandler
                0x00000000080010b4                EXTI2_TSC_IRQHandler
                0x00000000080010b4                RTC_Alarm_IRQHandler
 *fill*         0x00000000080010b6        0x2 
 .text.HAL_Init
                0x00000000080010b8       0x2c ./Drivers/STM32F3xx_HAL_Driver/Src/stm32f3xx_hal.o
                0x00000000080010b8                HAL_Init
 .text.HAL_InitTick
                0x00000000080010e4       0x60 ./Drivers/STM32F3xx_HAL_Driver/Src/stm32f3xx_hal.o
                0x00000000080010e4                HAL_InitTick
 .text.HAL_IncTick
                0x0000000008001144       0x28 ./Drivers/STM32F3xx_HAL_Driver/Src/stm32f3xx_hal.o
                0x0000000008001144                HAL_IncTick
 .text.HAL_GetTick
                0x000000000800116c       0x18 ./Drivers/STM32F3xx_HAL_Driver/Src/stm32f3xx_hal.o
                0x000000000800116c                HAL_GetTick
 .text.HAL_Delay
                0x0000000008001184       0x48 ./Drivers/STM32F3xx_HAL_Driver/Src/stm32f3xx_hal.o
                0x0000000008001184                HAL_Delay
 .text.__NVIC_SetPriorityGrouping
                0x00000000080011cc       0x48 ./Drivers/STM32F3xx_HAL_Driver/Src/stm32f3xx_hal_cortex.o
 .text.__NVIC_GetPriorityGrouping
                0x0000000008001214       0x1c ./Drivers/STM32F3xx_HAL_Driver/Src/stm32f3xx_hal_cortex.o
 .text.__NVIC_SetPriority
                0x0000000008001230       0x54 ./Drivers/STM32F3xx_HAL_Driver/Src/stm32f3xx_hal_cortex.o
 .text.NVIC_EncodePriority
                0x0000000008001284       0x66 ./Drivers/STM32F3xx_HAL_Driver/Src/stm32f3xx_hal_cortex.o
 *fill*         0x00000000080012ea        0x2 
 .text.SysTick_Config
                0x00000000080012ec       0x44 ./Drivers/STM32F3xx_HAL_Driver/Src/stm32f3xx_hal_cortex.o
 .text.HAL_NVIC_SetPriorityGrouping
                0x0000000008001330       0x16 ./Drivers/STM32F3xx_HAL_Driver/Src/stm32f3xx_hal_cortex.o
                0x0000000008001330                HAL_NVIC_SetPriorityGrouping
 .text.HAL_NVIC_SetPriority
                0x0000000008001346       0x38 ./Drivers/STM32F3xx_HAL_Driver/Src/stm32f3xx_hal_cortex.o
                0x0000000008001346                HAL_NVIC_SetPriority
 .text.HAL_SYSTICK_Config
                0x000000000800137e       0x18 ./Drivers/STM32F3xx_HAL_Driver/Src/stm32f3xx_hal_cortex.o
                0x000000000800137e                HAL_SYSTICK_Config
 *fill*         0x0000000008001396        0x2 
 .text.HAL_GPIO_Init
                0x0000000008001398      0x2e4 ./Drivers/STM32F3xx_HAL_Driver/Src/stm32f3xx_hal_gpio.o
                0x0000000008001398                HAL_GPIO_Init
 .text.HAL_GPIO_WritePin
                0x000000000800167c       0x30 ./Drivers/STM32F3xx_HAL_Driver/Src/stm32f3xx_hal_gpio.o
                0x000000000800167c                HAL_GPIO_WritePin
 .text.HAL_RCC_GetSysClockFreq
                0x00000000080016ac       0xd4 ./Drivers/STM32F3xx_HAL_Driver/Src/stm32f3xx_hal_rcc.o
                0x00000000080016ac                HAL_RCC_GetSysClockFreq
 .text.HAL_RCC_GetHCLKFreq
                0x0000000008001780       0x18 ./Drivers/STM32F3xx_HAL_Driver/Src/stm32f3xx_hal_rcc.o
                0x0000000008001780                HAL_RCC_GetHCLKFreq
 .text.HAL_RCC_GetPCLK1Freq
                0x0000000008001798       0x44 ./Drivers/STM32F3xx_HAL_Driver/Src/stm32f3xx_hal_rcc.o
                0x0000000008001798                HAL_RCC_GetPCLK1Freq
 .text.HAL_RCC_GetPCLK2Freq
                0x00000000080017dc       0x44 ./Drivers/STM32F3xx_HAL_Driver/Src/stm32f3xx_hal_rcc.o
                0x00000000080017dc                HAL_RCC_GetPCLK2Freq
 .text.HAL_SPI_Init
                0x0000000008001820      0x146 ./Drivers/STM32F3xx_HAL_Driver/Src/stm32f3xx_hal_spi.o
                0x0000000008001820                HAL_SPI_Init
 .text.HAL_UART_Init
                0x0000000008001966       0x9c ./Drivers/STM32F3xx_HAL_Driver/Src/stm32f3xx_hal_uart.o
                0x0000000008001966                HAL_UART_Init
 *fill*         0x0000000008001a02        0x2 
 .text.UART_SetConfig
                0x0000000008001a04      0x26c ./Drivers/STM32F3xx_HAL_Driver/Src/stm32f3xx_hal_uart.o
                0x0000000008001a04                UART_SetConfig
 .text.UART_AdvFeatureConfig
                0x0000000008001c70      0x144 ./Drivers/STM32F3xx_HAL_Driver/Src/stm32f3xx_hal_uart.o
                0x0000000008001c70                UART_AdvFeatureConfig
 .text.UART_CheckIdleState
                0x0000000008001db4       0x92 ./Drivers/STM32F3xx_HAL_Driver/Src/stm32f3xx_hal_uart.o
                0x0000000008001db4                UART_CheckIdleState
 .text.UART_WaitOnFlagUntilTimeout
                0x0000000008001e46      0x188 ./Drivers/STM32F3xx_HAL_Driver/Src/stm32f3xx_hal_uart.o
                0x0000000008001e46                UART_WaitOnFlagUntilTimeout
 *fill*         0x0000000008001fce        0x2 
 .text.LL_EXTI_EnableIT_0_31
                0x0000000008001fd0       0x24 ./Drivers/STM32F3xx_HAL_Driver/Src/stm32f3xx_ll_exti.o
 .text.LL_EXTI_EnableIT_32_63
                0x0000000008001ff4       0x24 ./Drivers/STM32F3xx_HAL_Driver/Src/stm32f3xx_ll_exti.o
 .text.LL_EXTI_DisableIT_0_31
                0x0000000008002018       0x28 ./Drivers/STM32F3xx_HAL_Driver/Src/stm32f3xx_ll_exti.o
 .text.LL_EXTI_DisableIT_32_63
                0x0000000008002040       0x28 ./Drivers/STM32F3xx_HAL_Driver/Src/stm32f3xx_ll_exti.o
 .text.LL_EXTI_EnableEvent_0_31
                0x0000000008002068       0x24 ./Drivers/STM32F3xx_HAL_Driver/Src/stm32f3xx_ll_exti.o
 .text.LL_EXTI_EnableEvent_32_63
                0x000000000800208c       0x24 ./Drivers/STM32F3xx_HAL_Driver/Src/stm32f3xx_ll_exti.o
 .text.LL_EXTI_DisableEvent_0_31
                0x00000000080020b0       0x28 ./Drivers/STM32F3xx_HAL_Driver/Src/stm32f3xx_ll_exti.o
 .text.LL_EXTI_DisableEvent_32_63
                0x00000000080020d8       0x28 ./Drivers/STM32F3xx_HAL_Driver/Src/stm32f3xx_ll_exti.o
 .text.LL_EXTI_EnableRisingTrig_0_31
                0x0000000008002100       0x24 ./Drivers/STM32F3xx_HAL_Driver/Src/stm32f3xx_ll_exti.o
 .text.LL_EXTI_EnableRisingTrig_32_63
                0x0000000008002124       0x24 ./Drivers/STM32F3xx_HAL_Driver/Src/stm32f3xx_ll_exti.o
 .text.LL_EXTI_DisableRisingTrig_0_31
                0x0000000008002148       0x28 ./Drivers/STM32F3xx_HAL_Driver/Src/stm32f3xx_ll_exti.o
 .text.LL_EXTI_DisableRisingTrig_32_63
                0x0000000008002170       0x28 ./Drivers/STM32F3xx_HAL_Driver/Src/stm32f3xx_ll_exti.o
 .text.LL_EXTI_EnableFallingTrig_0_31
                0x0000000008002198       0x24 ./Drivers/STM32F3xx_HAL_Driver/Src/stm32f3xx_ll_exti.o
 .text.LL_EXTI_EnableFallingTrig_32_63
                0x00000000080021bc       0x24 ./Drivers/STM32F3xx_HAL_Driver/Src/stm32f3xx_ll_exti.o
 .text.LL_EXTI_DisableFallingTrig_0_31
                0x00000000080021e0       0x28 ./Drivers/STM32F3xx_HAL_Driver/Src/stm32f3xx_ll_exti.o
 .text.LL_EXTI_DisableFallingTrig_32_63
                0x0000000008002208       0x28 ./Drivers/STM32F3xx_HAL_Driver/Src/stm32f3xx_ll_exti.o
 .text.LL_EXTI_Init
                0x0000000008002230      0x1e6 ./Drivers/STM32F3xx_HAL_Driver/Src/stm32f3xx_ll_exti.o
                0x0000000008002230                LL_EXTI_Init
 .text.LL_GPIO_SetPinMode
                0x0000000008002416       0x5e ./Drivers/STM32F3xx_HAL_Driver/Src/stm32f3xx_ll_gpio.o
 .text.LL_GPIO_SetPinOutputType
                0x0000000008002474       0x30 ./Drivers/STM32F3xx_HAL_Driver/Src/stm32f3xx_ll_gpio.o
 .text.LL_GPIO_SetPinSpeed
                0x00000000080024a4       0x5e ./Drivers/STM32F3xx_HAL_Driver/Src/stm32f3xx_ll_gpio.o
 .text.LL_GPIO_SetPinPull
                0x0000000008002502       0x5e ./Drivers/STM32F3xx_HAL_Driver/Src/stm32f3xx_ll_gpio.o
 .text.LL_GPIO_SetAFPin_0_7
                0x0000000008002560       0x5e ./Drivers/STM32F3xx_HAL_Driver/Src/stm32f3xx_ll_gpio.o
 .text.LL_GPIO_SetAFPin_8_15
                0x00000000080025be       0x62 ./Drivers/STM32F3xx_HAL_Driver/Src/stm32f3xx_ll_gpio.o
 .text.LL_GPIO_Init
                0x0000000008002620       0xe0 ./Drivers/STM32F3xx_HAL_Driver/Src/stm32f3xx_ll_gpio.o
                0x0000000008002620                LL_GPIO_Init
 .text.LL_SetSystemCoreClock
                0x0000000008002700       0x20 ./Drivers/STM32F3xx_HAL_Driver/Src/stm32f3xx_ll_utils.o
                0x0000000008002700                LL_SetSystemCoreClock
 .text.__libc_init_array
                0x0000000008002720       0x48 /Applications/STM32CubeIDE.app/Contents/Eclipse/plugins/com.st.stm32cube.ide.mcu.externaltools.gnu-tools-for-stm32.10.3-2021.10.macos64_1.0.0.202111181127/tools/bin/../lib/gcc/arm-none-eabi/10.3.1/../../../../arm-none-eabi/lib/thumb/v7e-m+fp/hard/libc_nano.a(lib_a-init.o)
                0x0000000008002720                __libc_init_array
 *(.glue_7)
 .glue_7        0x0000000008002768        0x0 linker stubs
 *(.glue_7t)
 .glue_7t       0x0000000008002768        0x0 linker stubs
 *(.eh_frame)
 .eh_frame      0x0000000008002768        0x0 /Applications/STM32CubeIDE.app/Contents/Eclipse/plugins/com.st.stm32cube.ide.mcu.externaltools.gnu-tools-for-stm32.10.3-2021.10.macos64_1.0.0.202111181127/tools/bin/../lib/gcc/arm-none-eabi/10.3.1/thumb/v7e-m+fp/hard/crtbegin.o
 *(.init)
 .init          0x0000000008002768        0x4 /Applications/STM32CubeIDE.app/Contents/Eclipse/plugins/com.st.stm32cube.ide.mcu.externaltools.gnu-tools-for-stm32.10.3-2021.10.macos64_1.0.0.202111181127/tools/bin/../lib/gcc/arm-none-eabi/10.3.1/thumb/v7e-m+fp/hard/crti.o
                0x0000000008002768                _init
 .init          0x000000000800276c        0x8 /Applications/STM32CubeIDE.app/Contents/Eclipse/plugins/com.st.stm32cube.ide.mcu.externaltools.gnu-tools-for-stm32.10.3-2021.10.macos64_1.0.0.202111181127/tools/bin/../lib/gcc/arm-none-eabi/10.3.1/thumb/v7e-m+fp/hard/crtn.o
 *(.fini)
 .fini          0x0000000008002774        0x4 /Applications/STM32CubeIDE.app/Contents/Eclipse/plugins/com.st.stm32cube.ide.mcu.externaltools.gnu-tools-for-stm32.10.3-2021.10.macos64_1.0.0.202111181127/tools/bin/../lib/gcc/arm-none-eabi/10.3.1/thumb/v7e-m+fp/hard/crti.o
                0x0000000008002774                _fini
 .fini          0x0000000008002778        0x8 /Applications/STM32CubeIDE.app/Contents/Eclipse/plugins/com.st.stm32cube.ide.mcu.externaltools.gnu-tools-for-stm32.10.3-2021.10.macos64_1.0.0.202111181127/tools/bin/../lib/gcc/arm-none-eabi/10.3.1/thumb/v7e-m+fp/hard/crtn.o
                0x0000000008002780                . = ALIGN (0x4)
                0x0000000008002780                _etext = .

.vfp11_veneer   0x0000000008002780        0x0
 .vfp11_veneer  0x0000000008002780        0x0 linker stubs

.v4_bx          0x0000000008002780        0x0
 .v4_bx         0x0000000008002780        0x0 linker stubs

.iplt           0x0000000008002780        0x0
 .iplt          0x0000000008002780        0x0 /Applications/STM32CubeIDE.app/Contents/Eclipse/plugins/com.st.stm32cube.ide.mcu.externaltools.gnu-tools-for-stm32.10.3-2021.10.macos64_1.0.0.202111181127/tools/bin/../lib/gcc/arm-none-eabi/10.3.1/thumb/v7e-m+fp/hard/crtbegin.o

.rodata         0x0000000008002780       0x28
                0x0000000008002780                . = ALIGN (0x4)
 *(.rodata)
 *(.rodata*)
 .rodata.APBPrescTable
                0x0000000008002780        0x8 ./Core/Src/system_stm32f3xx.o
                0x0000000008002780                APBPrescTable
 .rodata.aPLLMULFactorTable
                0x0000000008002788       0x10 ./Drivers/STM32F3xx_HAL_Driver/Src/stm32f3xx_hal_rcc.o
                0x0000000008002788                aPLLMULFactorTable
 .rodata.aPredivFactorTable
                0x0000000008002798       0x10 ./Drivers/STM32F3xx_HAL_Driver/Src/stm32f3xx_hal_rcc.o
                0x0000000008002798                aPredivFactorTable
                0x00000000080027a8                . = ALIGN (0x4)

.rel.dyn        0x00000000080027a8        0x0
 .rel.iplt      0x00000000080027a8        0x0 /Applications/STM32CubeIDE.app/Contents/Eclipse/plugins/com.st.stm32cube.ide.mcu.externaltools.gnu-tools-for-stm32.10.3-2021.10.macos64_1.0.0.202111181127/tools/bin/../lib/gcc/arm-none-eabi/10.3.1/thumb/v7e-m+fp/hard/crtbegin.o

.ARM.extab      0x00000000080027a8        0x0
                0x00000000080027a8                . = ALIGN (0x4)
 *(.ARM.extab* .gnu.linkonce.armextab.*)
                0x00000000080027a8                . = ALIGN (0x4)

.ARM            0x00000000080027a8        0x0
                0x00000000080027a8                . = ALIGN (0x4)
                0x00000000080027a8                __exidx_start = .
 *(.ARM.exidx*)
                0x00000000080027a8                __exidx_end = .
                0x00000000080027a8                . = ALIGN (0x4)

.preinit_array  0x00000000080027a8        0x0
                0x00000000080027a8                . = ALIGN (0x4)
                0x00000000080027a8                PROVIDE (__preinit_array_start = .)
 *(.preinit_array*)
                0x00000000080027a8                PROVIDE (__preinit_array_end = .)
                0x00000000080027a8                . = ALIGN (0x4)

.init_array     0x00000000080027a8        0x4
                0x00000000080027a8                . = ALIGN (0x4)
                0x00000000080027a8                PROVIDE (__init_array_start = .)
 *(SORT_BY_NAME(.init_array.*))
 *(.init_array*)
 .init_array    0x00000000080027a8        0x4 /Applications/STM32CubeIDE.app/Contents/Eclipse/plugins/com.st.stm32cube.ide.mcu.externaltools.gnu-tools-for-stm32.10.3-2021.10.macos64_1.0.0.202111181127/tools/bin/../lib/gcc/arm-none-eabi/10.3.1/thumb/v7e-m+fp/hard/crtbegin.o
                0x00000000080027ac                PROVIDE (__init_array_end = .)
                0x00000000080027ac                . = ALIGN (0x4)

.fini_array     0x00000000080027ac        0x4
                0x00000000080027ac                . = ALIGN (0x4)
                [!provide]                        PROVIDE (__fini_array_start = .)
 *(SORT_BY_NAME(.fini_array.*))
 *(.fini_array*)
 .fini_array    0x00000000080027ac        0x4 /Applications/STM32CubeIDE.app/Contents/Eclipse/plugins/com.st.stm32cube.ide.mcu.externaltools.gnu-tools-for-stm32.10.3-2021.10.macos64_1.0.0.202111181127/tools/bin/../lib/gcc/arm-none-eabi/10.3.1/thumb/v7e-m+fp/hard/crtbegin.o
                [!provide]                        PROVIDE (__fini_array_end = .)
                0x00000000080027b0                . = ALIGN (0x4)
                0x00000000080027b0                _sidata = LOADADDR (.data)

.data           0x0000000020000000        0xc load address 0x00000000080027b0
                0x0000000020000000                . = ALIGN (0x4)
                0x0000000020000000                _sdata = .
 *(.data)
 *(.data*)
 .data.SystemCoreClock
                0x0000000020000000        0x4 ./Core/Src/system_stm32f3xx.o
                0x0000000020000000                SystemCoreClock
 .data.uwTickPrio
                0x0000000020000004        0x4 ./Drivers/STM32F3xx_HAL_Driver/Src/stm32f3xx_hal.o
                0x0000000020000004                uwTickPrio
 .data.uwTickFreq
                0x0000000020000008        0x1 ./Drivers/STM32F3xx_HAL_Driver/Src/stm32f3xx_hal.o
                0x0000000020000008                uwTickFreq
 *(.RamFunc)
 *(.RamFunc*)
                0x000000002000000c                . = ALIGN (0x4)
 *fill*         0x0000000020000009        0x3 
                0x000000002000000c                _edata = .
                0x00000000080027bc                _siccmram = LOADADDR (.ccmram)

.igot.plt       0x000000002000000c        0x0 load address 0x00000000080027bc
 .igot.plt      0x000000002000000c        0x0 /Applications/STM32CubeIDE.app/Contents/Eclipse/plugins/com.st.stm32cube.ide.mcu.externaltools.gnu-tools-for-stm32.10.3-2021.10.macos64_1.0.0.202111181127/tools/bin/../lib/gcc/arm-none-eabi/10.3.1/thumb/v7e-m+fp/hard/crtbegin.o

.ccmram         0x0000000010000000        0x0 load address 0x00000000080027bc
                0x0000000010000000                . = ALIGN (0x4)
                0x0000000010000000                _sccmram = .
 *(.ccmram)
 *(.ccmram*)
                0x0000000010000000                . = ALIGN (0x4)
                0x0000000010000000                _eccmram = .
                0x0000000010000000                . = ALIGN (0x4)

.bss            0x000000002000000c      0x10c
                0x000000002000000c                _sbss = .
                0x000000002000000c                __bss_start__ = _sbss
 *(.bss)
 .bss           0x000000002000000c       0x1c /Applications/STM32CubeIDE.app/Contents/Eclipse/plugins/com.st.stm32cube.ide.mcu.externaltools.gnu-tools-for-stm32.10.3-2021.10.macos64_1.0.0.202111181127/tools/bin/../lib/gcc/arm-none-eabi/10.3.1/thumb/v7e-m+fp/hard/crtbegin.o
 *(.bss*)
 .bss.hspi1     0x0000000020000028       0x64 ./Core/Src/spi.o
                0x0000000020000028                hspi1
 .bss.ST7789_Width
                0x000000002000008c        0x1 ./Core/Src/st7789.o
                0x000000002000008c                ST7789_Width
 .bss.ST7789_Height
                0x000000002000008d        0x1 ./Core/Src/st7789.o
                0x000000002000008d                ST7789_Height
 .bss.flag_change
                0x000000002000008e        0x1 ./Core/Src/stm32f3xx_it.o
                0x000000002000008e                flag_change
 *fill*         0x000000002000008f        0x1 
 .bss.huart2    0x0000000020000090       0x84 ./Core/Src/usart.o
                0x0000000020000090                huart2
 .bss.uwTick    0x0000000020000114        0x4 ./Drivers/STM32F3xx_HAL_Driver/Src/stm32f3xx_hal.o
                0x0000000020000114                uwTick
 *(COMMON)
                0x0000000020000118                . = ALIGN (0x4)
                0x0000000020000118                _ebss = .
                0x0000000020000118                __bss_end__ = _ebss

._user_heap_stack
                0x0000000020000118      0x600
                0x0000000020000118                . = ALIGN (0x8)
                [!provide]                        PROVIDE (end = .)
                0x0000000020000118                PROVIDE (_end = .)
                0x0000000020000318                . = (. + _Min_Heap_Size)
 *fill*         0x0000000020000118      0x200 
                0x0000000020000718                . = (. + _Min_Stack_Size)
 *fill*         0x0000000020000318      0x400 
                0x0000000020000718                . = ALIGN (0x8)

/DISCARD/
 libc.a(*)
 libm.a(*)
 libgcc.a(*)

.ARM.attributes
                0x0000000000000000       0x30
 *(.ARM.attributes)
 .ARM.attributes
                0x0000000000000000       0x1e /Applications/STM32CubeIDE.app/Contents/Eclipse/plugins/com.st.stm32cube.ide.mcu.externaltools.gnu-tools-for-stm32.10.3-2021.10.macos64_1.0.0.202111181127/tools/bin/../lib/gcc/arm-none-eabi/10.3.1/thumb/v7e-m+fp/hard/crti.o
 .ARM.attributes
                0x000000000000001e       0x34 /Applications/STM32CubeIDE.app/Contents/Eclipse/plugins/com.st.stm32cube.ide.mcu.externaltools.gnu-tools-for-stm32.10.3-2021.10.macos64_1.0.0.202111181127/tools/bin/../lib/gcc/arm-none-eabi/10.3.1/thumb/v7e-m+fp/hard/crtbegin.o
 .ARM.attributes
                0x0000000000000052       0x34 ./Core/Src/gpio.o
 .ARM.attributes
                0x0000000000000086       0x34 ./Core/Src/main.o
 .ARM.attributes
                0x00000000000000ba       0x34 ./Core/Src/spi.o
 .ARM.attributes
                0x00000000000000ee       0x34 ./Core/Src/st7789.o
 .ARM.attributes
                0x0000000000000122       0x34 ./Core/Src/stm32f3xx_hal_msp.o
 .ARM.attributes
                0x0000000000000156       0x34 ./Core/Src/stm32f3xx_it.o
 .ARM.attributes
                0x000000000000018a       0x34 ./Core/Src/system_stm32f3xx.o
 .ARM.attributes
                0x00000000000001be       0x34 ./Core/Src/usart.o
 .ARM.attributes
                0x00000000000001f2       0x21 ./Core/Startup/startup_stm32f303k8tx.o
 .ARM.attributes
                0x0000000000000213       0x34 ./Drivers/STM32F3xx_HAL_Driver/Src/stm32f3xx_hal.o
 .ARM.attributes
                0x0000000000000247       0x34 ./Drivers/STM32F3xx_HAL_Driver/Src/stm32f3xx_hal_cortex.o
 .ARM.attributes
                0x000000000000027b       0x34 ./Drivers/STM32F3xx_HAL_Driver/Src/stm32f3xx_hal_gpio.o
 .ARM.attributes
                0x00000000000002af       0x34 ./Drivers/STM32F3xx_HAL_Driver/Src/stm32f3xx_hal_rcc.o
 .ARM.attributes
                0x00000000000002e3       0x34 ./Drivers/STM32F3xx_HAL_Driver/Src/stm32f3xx_hal_spi.o
 .ARM.attributes
                0x0000000000000317       0x34 ./Drivers/STM32F3xx_HAL_Driver/Src/stm32f3xx_hal_uart.o
 .ARM.attributes
                0x000000000000034b       0x34 ./Drivers/STM32F3xx_HAL_Driver/Src/stm32f3xx_ll_exti.o
 .ARM.attributes
                0x000000000000037f       0x34 ./Drivers/STM32F3xx_HAL_Driver/Src/stm32f3xx_ll_gpio.o
 .ARM.attributes
                0x00000000000003b3       0x34 ./Drivers/STM32F3xx_HAL_Driver/Src/stm32f3xx_ll_utils.o
 .ARM.attributes
                0x00000000000003e7       0x34 /Applications/STM32CubeIDE.app/Contents/Eclipse/plugins/com.st.stm32cube.ide.mcu.externaltools.gnu-tools-for-stm32.10.3-2021.10.macos64_1.0.0.202111181127/tools/bin/../lib/gcc/arm-none-eabi/10.3.1/../../../../arm-none-eabi/lib/thumb/v7e-m+fp/hard/libc_nano.a(lib_a-init.o)
 .ARM.attributes
                0x000000000000041b       0x1e /Applications/STM32CubeIDE.app/Contents/Eclipse/plugins/com.st.stm32cube.ide.mcu.externaltools.gnu-tools-for-stm32.10.3-2021.10.macos64_1.0.0.202111181127/tools/bin/../lib/gcc/arm-none-eabi/10.3.1/thumb/v7e-m+fp/hard/crtn.o
OUTPUT(encoder_nucleo.elf elf32-littlearm)
LOAD linker stubs
LOAD /Applications/STM32CubeIDE.app/Contents/Eclipse/plugins/com.st.stm32cube.ide.mcu.externaltools.gnu-tools-for-stm32.10.3-2021.10.macos64_1.0.0.202111181127/tools/bin/../lib/gcc/arm-none-eabi/10.3.1/../../../../arm-none-eabi/lib/thumb/v7e-m+fp/hard/libc.a
LOAD /Applications/STM32CubeIDE.app/Contents/Eclipse/plugins/com.st.stm32cube.ide.mcu.externaltools.gnu-tools-for-stm32.10.3-2021.10.macos64_1.0.0.202111181127/tools/bin/../lib/gcc/arm-none-eabi/10.3.1/../../../../arm-none-eabi/lib/thumb/v7e-m+fp/hard/libm.a
LOAD /Applications/STM32CubeIDE.app/Contents/Eclipse/plugins/com.st.stm32cube.ide.mcu.externaltools.gnu-tools-for-stm32.10.3-2021.10.macos64_1.0.0.202111181127/tools/bin/../lib/gcc/arm-none-eabi/10.3.1/thumb/v7e-m+fp/hard/libgcc.a

.debug_info     0x0000000000000000     0xd00b
 .debug_info    0x0000000000000000      0xc68 ./Core/Src/gpio.o
 .debug_info    0x0000000000000c68      0x5f1 ./Core/Src/main.o
 .debug_info    0x0000000000001259      0x8e7 ./Core/Src/spi.o
 .debug_info    0x0000000000001b40      0xba8 ./Core/Src/st7789.o
 .debug_info    0x00000000000026e8      0x1ee ./Core/Src/stm32f3xx_hal_msp.o
 .debug_info    0x00000000000028d6      0x2ed ./Core/Src/stm32f3xx_it.o
 .debug_info    0x0000000000002bc3      0x416 ./Core/Src/system_stm32f3xx.o
 .debug_info    0x0000000000002fd9      0x98e ./Core/Src/usart.o
 .debug_info    0x0000000000003967       0x22 ./Core/Startup/startup_stm32f303k8tx.o
 .debug_info    0x0000000000003989      0x77d ./Drivers/STM32F3xx_HAL_Driver/Src/stm32f3xx_hal.o
 .debug_info    0x0000000000004106      0xb20 ./Drivers/STM32F3xx_HAL_Driver/Src/stm32f3xx_hal_cortex.o
 .debug_info    0x0000000000004c26      0x74e ./Drivers/STM32F3xx_HAL_Driver/Src/stm32f3xx_hal_gpio.o
 .debug_info    0x0000000000005374     0x1586 ./Drivers/STM32F3xx_HAL_Driver/Src/stm32f3xx_hal_rcc.o
 .debug_info    0x00000000000068fa     0x1770 ./Drivers/STM32F3xx_HAL_Driver/Src/stm32f3xx_hal_spi.o
 .debug_info    0x000000000000806a     0x3ad3 ./Drivers/STM32F3xx_HAL_Driver/Src/stm32f3xx_hal_uart.o
 .debug_info    0x000000000000bb3d      0x525 ./Drivers/STM32F3xx_HAL_Driver/Src/stm32f3xx_ll_exti.o
 .debug_info    0x000000000000c062      0x758 ./Drivers/STM32F3xx_HAL_Driver/Src/stm32f3xx_ll_gpio.o
 .debug_info    0x000000000000c7ba      0x851 ./Drivers/STM32F3xx_HAL_Driver/Src/stm32f3xx_ll_utils.o

.debug_abbrev   0x0000000000000000     0x2302
 .debug_abbrev  0x0000000000000000      0x26a ./Core/Src/gpio.o
 .debug_abbrev  0x000000000000026a      0x256 ./Core/Src/main.o
 .debug_abbrev  0x00000000000004c0      0x1e7 ./Core/Src/spi.o
 .debug_abbrev  0x00000000000006a7      0x1ee ./Core/Src/st7789.o
 .debug_abbrev  0x0000000000000895       0xdb ./Core/Src/stm32f3xx_hal_msp.o
 .debug_abbrev  0x0000000000000970      0x171 ./Core/Src/stm32f3xx_it.o
 .debug_abbrev  0x0000000000000ae1      0x116 ./Core/Src/system_stm32f3xx.o
 .debug_abbrev  0x0000000000000bf7      0x1e7 ./Core/Src/usart.o
 .debug_abbrev  0x0000000000000dde       0x12 ./Core/Startup/startup_stm32f303k8tx.o
 .debug_abbrev  0x0000000000000df0      0x20e ./Drivers/STM32F3xx_HAL_Driver/Src/stm32f3xx_hal.o
 .debug_abbrev  0x0000000000000ffe      0x2ed ./Drivers/STM32F3xx_HAL_Driver/Src/stm32f3xx_hal_cortex.o
 .debug_abbrev  0x00000000000012eb      0x1bb ./Drivers/STM32F3xx_HAL_Driver/Src/stm32f3xx_hal_gpio.o
 .debug_abbrev  0x00000000000014a6      0x30c ./Drivers/STM32F3xx_HAL_Driver/Src/stm32f3xx_hal_rcc.o
 .debug_abbrev  0x00000000000017b2      0x254 ./Drivers/STM32F3xx_HAL_Driver/Src/stm32f3xx_hal_spi.o
 .debug_abbrev  0x0000000000001a06      0x2bc ./Drivers/STM32F3xx_HAL_Driver/Src/stm32f3xx_hal_uart.o
 .debug_abbrev  0x0000000000001cc2      0x183 ./Drivers/STM32F3xx_HAL_Driver/Src/stm32f3xx_ll_exti.o
 .debug_abbrev  0x0000000000001e45      0x20e ./Drivers/STM32F3xx_HAL_Driver/Src/stm32f3xx_ll_gpio.o
 .debug_abbrev  0x0000000000002053      0x2af ./Drivers/STM32F3xx_HAL_Driver/Src/stm32f3xx_ll_utils.o

.debug_aranges  0x0000000000000000      0xc00
 .debug_aranges
                0x0000000000000000       0x68 ./Core/Src/gpio.o
 .debug_aranges
                0x0000000000000068       0x88 ./Core/Src/main.o
 .debug_aranges
                0x00000000000000f0       0x30 ./Core/Src/spi.o
 .debug_aranges
                0x0000000000000120       0xf8 ./Core/Src/st7789.o
 .debug_aranges
                0x0000000000000218       0x20 ./Core/Src/stm32f3xx_hal_msp.o
 .debug_aranges
                0x0000000000000238       0x78 ./Core/Src/stm32f3xx_it.o
 .debug_aranges
                0x00000000000002b0       0x28 ./Core/Src/system_stm32f3xx.o
 .debug_aranges
                0x00000000000002d8       0x30 ./Core/Src/usart.o
 .debug_aranges
                0x0000000000000308       0x28 ./Core/Startup/startup_stm32f303k8tx.o
 .debug_aranges
                0x0000000000000330       0xe0 ./Drivers/STM32F3xx_HAL_Driver/Src/stm32f3xx_hal.o
 .debug_aranges
                0x0000000000000410      0x100 ./Drivers/STM32F3xx_HAL_Driver/Src/stm32f3xx_hal_cortex.o
 .debug_aranges
                0x0000000000000510       0x58 ./Drivers/STM32F3xx_HAL_Driver/Src/stm32f3xx_hal_gpio.o
 .debug_aranges
                0x0000000000000568       0x88 ./Drivers/STM32F3xx_HAL_Driver/Src/stm32f3xx_hal_rcc.o
 .debug_aranges
                0x00000000000005f0      0x1d8 ./Drivers/STM32F3xx_HAL_Driver/Src/stm32f3xx_hal_spi.o
 .debug_aranges
                0x00000000000007c8      0x228 ./Drivers/STM32F3xx_HAL_Driver/Src/stm32f3xx_hal_uart.o
 .debug_aranges
                0x00000000000009f0       0xb0 ./Drivers/STM32F3xx_HAL_Driver/Src/stm32f3xx_ll_exti.o
 .debug_aranges
                0x0000000000000aa0       0x70 ./Drivers/STM32F3xx_HAL_Driver/Src/stm32f3xx_ll_gpio.o
 .debug_aranges
                0x0000000000000b10       0xf0 ./Drivers/STM32F3xx_HAL_Driver/Src/stm32f3xx_ll_utils.o

.debug_ranges   0x0000000000000000      0xb18
 .debug_ranges  0x0000000000000000       0x58 ./Core/Src/gpio.o
 .debug_ranges  0x0000000000000058       0x78 ./Core/Src/main.o
 .debug_ranges  0x00000000000000d0       0x20 ./Core/Src/spi.o
 .debug_ranges  0x00000000000000f0       0xe8 ./Core/Src/st7789.o
 .debug_ranges  0x00000000000001d8       0x10 ./Core/Src/stm32f3xx_hal_msp.o
 .debug_ranges  0x00000000000001e8       0x68 ./Core/Src/stm32f3xx_it.o
 .debug_ranges  0x0000000000000250       0x18 ./Core/Src/system_stm32f3xx.o
 .debug_ranges  0x0000000000000268       0x20 ./Core/Src/usart.o
 .debug_ranges  0x0000000000000288       0x20 ./Core/Startup/startup_stm32f303k8tx.o
 .debug_ranges  0x00000000000002a8       0xd0 ./Drivers/STM32F3xx_HAL_Driver/Src/stm32f3xx_hal.o
 .debug_ranges  0x0000000000000378       0xf0 ./Drivers/STM32F3xx_HAL_Driver/Src/stm32f3xx_hal_cortex.o
 .debug_ranges  0x0000000000000468       0x48 ./Drivers/STM32F3xx_HAL_Driver/Src/stm32f3xx_hal_gpio.o
 .debug_ranges  0x00000000000004b0       0x78 ./Drivers/STM32F3xx_HAL_Driver/Src/stm32f3xx_hal_rcc.o
 .debug_ranges  0x0000000000000528      0x1c8 ./Drivers/STM32F3xx_HAL_Driver/Src/stm32f3xx_hal_spi.o
 .debug_ranges  0x00000000000006f0      0x248 ./Drivers/STM32F3xx_HAL_Driver/Src/stm32f3xx_hal_uart.o
 .debug_ranges  0x0000000000000938       0xa0 ./Drivers/STM32F3xx_HAL_Driver/Src/stm32f3xx_ll_exti.o
 .debug_ranges  0x00000000000009d8       0x60 ./Drivers/STM32F3xx_HAL_Driver/Src/stm32f3xx_ll_gpio.o
 .debug_ranges  0x0000000000000a38       0xe0 ./Drivers/STM32F3xx_HAL_Driver/Src/stm32f3xx_ll_utils.o

.debug_macro    0x0000000000000000    0x1c5fe
 .debug_macro   0x0000000000000000      0x231 ./Core/Src/gpio.o
 .debug_macro   0x0000000000000231      0xa7e ./Core/Src/gpio.o
 .debug_macro   0x0000000000000caf      0x157 ./Core/Src/gpio.o
 .debug_macro   0x0000000000000e06       0x2e ./Core/Src/gpio.o
 .debug_macro   0x0000000000000e34       0x28 ./Core/Src/gpio.o
 .debug_macro   0x0000000000000e5c       0x22 ./Core/Src/gpio.o
 .debug_macro   0x0000000000000e7e       0x8e ./Core/Src/gpio.o
 .debug_macro   0x0000000000000f0c       0x51 ./Core/Src/gpio.o
 .debug_macro   0x0000000000000f5d      0x103 ./Core/Src/gpio.o
 .debug_macro   0x0000000000001060       0x6a ./Core/Src/gpio.o
 .debug_macro   0x00000000000010ca      0x1df ./Core/Src/gpio.o
 .debug_macro   0x00000000000012a9       0x1c ./Core/Src/gpio.o
 .debug_macro   0x00000000000012c5       0x22 ./Core/Src/gpio.o
 .debug_macro   0x00000000000012e7       0xd9 ./Core/Src/gpio.o
 .debug_macro   0x00000000000013c0      0xf07 ./Core/Src/gpio.o
 .debug_macro   0x00000000000022c7    0x10be0 ./Core/Src/gpio.o
 .debug_macro   0x0000000000012ea7       0x6d ./Core/Src/gpio.o
 .debug_macro   0x0000000000012f14     0x3540 ./Core/Src/gpio.o
 .debug_macro   0x0000000000016454      0x174 ./Core/Src/gpio.o
 .debug_macro   0x00000000000165c8       0x55 ./Core/Src/gpio.o
 .debug_macro   0x000000000001661d      0x8f9 ./Core/Src/gpio.o
 .debug_macro   0x0000000000016f16      0x304 ./Core/Src/gpio.o
 .debug_macro   0x000000000001721a      0x1b6 ./Core/Src/gpio.o
 .debug_macro   0x00000000000173d0      0x11b ./Core/Src/gpio.o
 .debug_macro   0x00000000000174eb      0x1d5 ./Core/Src/gpio.o
 .debug_macro   0x00000000000176c0      0x1bc ./Core/Src/gpio.o
 .debug_macro   0x000000000001787c       0x34 ./Core/Src/gpio.o
 .debug_macro   0x00000000000178b0       0x3c ./Core/Src/gpio.o
 .debug_macro   0x00000000000178ec       0x57 ./Core/Src/gpio.o
 .debug_macro   0x0000000000017943       0xc5 ./Core/Src/gpio.o
 .debug_macro   0x0000000000017a08      0x19f ./Core/Src/gpio.o
 .debug_macro   0x0000000000017ba7      0x22c ./Core/Src/gpio.o
 .debug_macro   0x0000000000017dd3       0x5b ./Core/Src/gpio.o
 .debug_macro   0x0000000000017e2e       0xa5 ./Core/Src/gpio.o
 .debug_macro   0x0000000000017ed3       0x81 ./Core/Src/gpio.o
 .debug_macro   0x0000000000017f54       0xd3 ./Core/Src/gpio.o
 .debug_macro   0x0000000000018027      0x2fe ./Core/Src/gpio.o
 .debug_macro   0x0000000000018325      0x5a5 ./Core/Src/gpio.o
 .debug_macro   0x00000000000188ca       0x44 ./Core/Src/gpio.o
 .debug_macro   0x000000000001890e      0x285 ./Core/Src/gpio.o
 .debug_macro   0x0000000000018b93      0x4c2 ./Core/Src/gpio.o
 .debug_macro   0x0000000000019055       0xe1 ./Core/Src/gpio.o
 .debug_macro   0x0000000000019136      0x29f ./Core/Src/gpio.o
 .debug_macro   0x00000000000193d5       0xfe ./Core/Src/gpio.o
 .debug_macro   0x00000000000194d3       0x28 ./Core/Src/gpio.o
 .debug_macro   0x00000000000194fb       0x30 ./Core/Src/gpio.o
 .debug_macro   0x000000000001952b       0xa8 ./Core/Src/gpio.o
 .debug_macro   0x00000000000195d3      0x287 ./Core/Src/gpio.o
 .debug_macro   0x000000000001985a      0x142 ./Core/Src/gpio.o
 .debug_macro   0x000000000001999c       0x70 ./Core/Src/gpio.o
 .debug_macro   0x0000000000019a0c      0x252 ./Core/Src/main.o
 .debug_macro   0x0000000000019c5e      0x12a ./Core/Src/main.o
 .debug_macro   0x0000000000019d88      0x231 ./Core/Src/spi.o
 .debug_macro   0x0000000000019fb9      0x30a ./Core/Src/st7789.o
 .debug_macro   0x000000000001a2c3       0x1e ./Core/Src/st7789.o
 .debug_macro   0x000000000001a2e1       0x52 ./Core/Src/st7789.o
 .debug_macro   0x000000000001a333       0x3c ./Core/Src/st7789.o
 .debug_macro   0x000000000001a36f       0x34 ./Core/Src/st7789.o
 .debug_macro   0x000000000001a3a3       0x16 ./Core/Src/st7789.o
 .debug_macro   0x000000000001a3b9       0x35 ./Core/Src/st7789.o
 .debug_macro   0x000000000001a3ee       0x16 ./Core/Src/st7789.o
 .debug_macro   0x000000000001a404       0x43 ./Core/Src/st7789.o
 .debug_macro   0x000000000001a447       0x34 ./Core/Src/st7789.o
 .debug_macro   0x000000000001a47b       0x10 ./Core/Src/st7789.o
 .debug_macro   0x000000000001a48b       0x58 ./Core/Src/st7789.o
 .debug_macro   0x000000000001a4e3       0x71 ./Core/Src/st7789.o
 .debug_macro   0x000000000001a554       0x1c ./Core/Src/st7789.o
 .debug_macro   0x000000000001a570      0x12a ./Core/Src/st7789.o
 .debug_macro   0x000000000001a69a      0x341 ./Core/Src/st7789.o
 .debug_macro   0x000000000001a9db       0x16 ./Core/Src/st7789.o
 .debug_macro   0x000000000001a9f1       0x29 ./Core/Src/st7789.o
 .debug_macro   0x000000000001aa1a      0x227 ./Core/Src/stm32f3xx_hal_msp.o
 .debug_macro   0x000000000001ac41      0x231 ./Core/Src/stm32f3xx_it.o
 .debug_macro   0x000000000001ae72      0x1c7 ./Core/Src/system_stm32f3xx.o
 .debug_macro   0x000000000001b039      0x231 ./Core/Src/usart.o
 .debug_macro   0x000000000001b26a      0x1eb ./Drivers/STM32F3xx_HAL_Driver/Src/stm32f3xx_hal.o
 .debug_macro   0x000000000001b455      0x1c7 ./Drivers/STM32F3xx_HAL_Driver/Src/stm32f3xx_hal_cortex.o
 .debug_macro   0x000000000001b61c      0x1ce ./Drivers/STM32F3xx_HAL_Driver/Src/stm32f3xx_hal_gpio.o
 .debug_macro   0x000000000001b7ea      0x1eb ./Drivers/STM32F3xx_HAL_Driver/Src/stm32f3xx_hal_rcc.o
 .debug_macro   0x000000000001b9d5      0x1cf ./Drivers/STM32F3xx_HAL_Driver/Src/stm32f3xx_hal_spi.o
 .debug_macro   0x000000000001bba4      0x1e4 ./Drivers/STM32F3xx_HAL_Driver/Src/stm32f3xx_hal_uart.o
 .debug_macro   0x000000000001bd88      0x1f4 ./Drivers/STM32F3xx_HAL_Driver/Src/stm32f3xx_ll_exti.o
 .debug_macro   0x000000000001bf7c       0xf8 ./Drivers/STM32F3xx_HAL_Driver/Src/stm32f3xx_ll_exti.o
 .debug_macro   0x000000000001c074      0x209 ./Drivers/STM32F3xx_HAL_Driver/Src/stm32f3xx_ll_gpio.o
 .debug_macro   0x000000000001c27d      0x13c ./Drivers/STM32F3xx_HAL_Driver/Src/stm32f3xx_ll_gpio.o
 .debug_macro   0x000000000001c3b9      0x245 ./Drivers/STM32F3xx_HAL_Driver/Src/stm32f3xx_ll_utils.o

.debug_line     0x0000000000000000     0xefff
 .debug_line    0x0000000000000000      0x9cd ./Core/Src/gpio.o
 .debug_line    0x00000000000009cd      0xa0c ./Core/Src/main.o
 .debug_line    0x00000000000013d9      0x84c ./Core/Src/spi.o
 .debug_line    0x0000000000001c25     0x1040 ./Core/Src/st7789.o
 .debug_line    0x0000000000002c65      0x7d3 ./Core/Src/stm32f3xx_hal_msp.o
 .debug_line    0x0000000000003438      0x8fe ./Core/Src/stm32f3xx_it.o
 .debug_line    0x0000000000003d36      0x77a ./Core/Src/system_stm32f3xx.o
 .debug_line    0x00000000000044b0      0x843 ./Core/Src/usart.o
 .debug_line    0x0000000000004cf3       0x88 ./Core/Startup/startup_stm32f303k8tx.o
 .debug_line    0x0000000000004d7b      0x9af ./Drivers/STM32F3xx_HAL_Driver/Src/stm32f3xx_hal.o
 .debug_line    0x000000000000572a      0xb97 ./Drivers/STM32F3xx_HAL_Driver/Src/stm32f3xx_hal_cortex.o
 .debug_line    0x00000000000062c1      0xafc ./Drivers/STM32F3xx_HAL_Driver/Src/stm32f3xx_hal_gpio.o
 .debug_line    0x0000000000006dbd     0x138c ./Drivers/STM32F3xx_HAL_Driver/Src/stm32f3xx_hal_rcc.o
 .debug_line    0x0000000000008149     0x1f29 ./Drivers/STM32F3xx_HAL_Driver/Src/stm32f3xx_hal_spi.o
 .debug_line    0x000000000000a072     0x30c3 ./Drivers/STM32F3xx_HAL_Driver/Src/stm32f3xx_hal_uart.o
 .debug_line    0x000000000000d135      0x981 ./Drivers/STM32F3xx_HAL_Driver/Src/stm32f3xx_ll_exti.o
 .debug_line    0x000000000000dab6      0x9b8 ./Drivers/STM32F3xx_HAL_Driver/Src/stm32f3xx_ll_gpio.o
 .debug_line    0x000000000000e46e      0xb91 ./Drivers/STM32F3xx_HAL_Driver/Src/stm32f3xx_ll_utils.o

.debug_str      0x0000000000000000    0xa413e
 .debug_str     0x0000000000000000    0x9d213 ./Core/Src/gpio.o
                                      0x9d7ce (size before relaxing)
 .debug_str     0x000000000009d213      0x6c0 ./Core/Src/main.o
                                      0x9d804 (size before relaxing)
 .debug_str     0x000000000009d8d3      0x3d5 ./Core/Src/spi.o
                                      0x9d5fd (size before relaxing)
 .debug_str     0x000000000009dca8     0x31a6 ./Core/Src/st7789.o
                                      0xa07a0 (size before relaxing)
 .debug_str     0x00000000000a0e4e       0x2c ./Core/Src/stm32f3xx_hal_msp.o
                                      0x9d120 (size before relaxing)
 .debug_str     0x00000000000a0e7a      0x147 ./Core/Src/stm32f3xx_it.o
                                      0x9d20e (size before relaxing)
 .debug_str     0x00000000000a0fc1       0x7b ./Core/Src/system_stm32f3xx.o
                                      0x968e0 (size before relaxing)
 .debug_str     0x00000000000a103c      0x1e3 ./Core/Src/usart.o
                                      0x9d639 (size before relaxing)
 .debug_str     0x00000000000a121f       0x36 ./Core/Startup/startup_stm32f303k8tx.o
                                         0x7f (size before relaxing)
 .debug_str     0x00000000000a1255      0x37a ./Drivers/STM32F3xx_HAL_Driver/Src/stm32f3xx_hal.o
                                      0x96fd0 (size before relaxing)
 .debug_str     0x00000000000a15cf      0x1a4 ./Drivers/STM32F3xx_HAL_Driver/Src/stm32f3xx_hal_cortex.o
                                      0x96ef5 (size before relaxing)
 .debug_str     0x00000000000a1773       0xd6 ./Drivers/STM32F3xx_HAL_Driver/Src/stm32f3xx_hal_gpio.o
                                      0x96abf (size before relaxing)
 .debug_str     0x00000000000a1849      0x3f9 ./Drivers/STM32F3xx_HAL_Driver/Src/stm32f3xx_hal_rcc.o
                                      0x96d80 (size before relaxing)
 .debug_str     0x00000000000a1c42      0x5bc ./Drivers/STM32F3xx_HAL_Driver/Src/stm32f3xx_hal_spi.o
                                      0x971f8 (size before relaxing)
 .debug_str     0x00000000000a21fe      0x869 ./Drivers/STM32F3xx_HAL_Driver/Src/stm32f3xx_hal_uart.o
                                      0x975db (size before relaxing)
 .debug_str     0x00000000000a2a67      0x42b ./Drivers/STM32F3xx_HAL_Driver/Src/stm32f3xx_ll_exti.o
                                      0x971ca (size before relaxing)
 .debug_str     0x00000000000a2e92      0x5f3 ./Drivers/STM32F3xx_HAL_Driver/Src/stm32f3xx_ll_gpio.o
                                      0x97bf9 (size before relaxing)
 .debug_str     0x00000000000a3485      0xcb9 ./Drivers/STM32F3xx_HAL_Driver/Src/stm32f3xx_ll_utils.o
                                      0x9b8e9 (size before relaxing)

.comment        0x0000000000000000       0x50
 .comment       0x0000000000000000       0x50 ./Core/Src/gpio.o
                                         0x51 (size before relaxing)
 .comment       0x0000000000000050       0x51 ./Core/Src/main.o
 .comment       0x0000000000000050       0x51 ./Core/Src/spi.o
 .comment       0x0000000000000050       0x51 ./Core/Src/st7789.o
 .comment       0x0000000000000050       0x51 ./Core/Src/stm32f3xx_hal_msp.o
 .comment       0x0000000000000050       0x51 ./Core/Src/stm32f3xx_it.o
 .comment       0x0000000000000050       0x51 ./Core/Src/system_stm32f3xx.o
 .comment       0x0000000000000050       0x51 ./Core/Src/usart.o
 .comment       0x0000000000000050       0x51 ./Drivers/STM32F3xx_HAL_Driver/Src/stm32f3xx_hal.o
 .comment       0x0000000000000050       0x51 ./Drivers/STM32F3xx_HAL_Driver/Src/stm32f3xx_hal_cortex.o
 .comment       0x0000000000000050       0x51 ./Drivers/STM32F3xx_HAL_Driver/Src/stm32f3xx_hal_gpio.o
 .comment       0x0000000000000050       0x51 ./Drivers/STM32F3xx_HAL_Driver/Src/stm32f3xx_hal_rcc.o
 .comment       0x0000000000000050       0x51 ./Drivers/STM32F3xx_HAL_Driver/Src/stm32f3xx_hal_spi.o
 .comment       0x0000000000000050       0x51 ./Drivers/STM32F3xx_HAL_Driver/Src/stm32f3xx_hal_uart.o
 .comment       0x0000000000000050       0x51 ./Drivers/STM32F3xx_HAL_Driver/Src/stm32f3xx_ll_exti.o
 .comment       0x0000000000000050       0x51 ./Drivers/STM32F3xx_HAL_Driver/Src/stm32f3xx_ll_gpio.o
 .comment       0x0000000000000050       0x51 ./Drivers/STM32F3xx_HAL_Driver/Src/stm32f3xx_ll_utils.o

.debug_frame    0x0000000000000000     0x304c
 .debug_frame   0x0000000000000000      0x194 ./Core/Src/gpio.o
 .debug_frame   0x0000000000000194      0x1f8 ./Core/Src/main.o
 .debug_frame   0x000000000000038c       0x74 ./Core/Src/spi.o
 .debug_frame   0x0000000000000400      0x410 ./Core/Src/st7789.o
 .debug_frame   0x0000000000000810       0x38 ./Core/Src/stm32f3xx_hal_msp.o
 .debug_frame   0x0000000000000848      0x170 ./Core/Src/stm32f3xx_it.o
 .debug_frame   0x00000000000009b8       0x58 ./Core/Src/system_stm32f3xx.o
 .debug_frame   0x0000000000000a10       0x74 ./Core/Src/usart.o
 .debug_frame   0x0000000000000a84      0x334 ./Drivers/STM32F3xx_HAL_Driver/Src/stm32f3xx_hal.o
 .debug_frame   0x0000000000000db8      0x428 ./Drivers/STM32F3xx_HAL_Driver/Src/stm32f3xx_hal_cortex.o
 .debug_frame   0x00000000000011e0      0x14c ./Drivers/STM32F3xx_HAL_Driver/Src/stm32f3xx_hal_gpio.o
 .debug_frame   0x000000000000132c      0x214 ./Drivers/STM32F3xx_HAL_Driver/Src/stm32f3xx_hal_rcc.o
 .debug_frame   0x0000000000001540      0x860 ./Drivers/STM32F3xx_HAL_Driver/Src/stm32f3xx_hal_spi.o
 .debug_frame   0x0000000000001da0      0x9e8 ./Drivers/STM32F3xx_HAL_Driver/Src/stm32f3xx_hal_uart.o
 .debug_frame   0x0000000000002788      0x2fc ./Drivers/STM32F3xx_HAL_Driver/Src/stm32f3xx_ll_exti.o
 .debug_frame   0x0000000000002a84      0x1c0 ./Drivers/STM32F3xx_HAL_Driver/Src/stm32f3xx_ll_gpio.o
 .debug_frame   0x0000000000002c44      0x3dc ./Drivers/STM32F3xx_HAL_Driver/Src/stm32f3xx_ll_utils.o
 .debug_frame   0x0000000000003020       0x2c /Applications/STM32CubeIDE.app/Contents/Eclipse/plugins/com.st.stm32cube.ide.mcu.externaltools.gnu-tools-for-stm32.10.3-2021.10.macos64_1.0.0.202111181127/tools/bin/../lib/gcc/arm-none-eabi/10.3.1/../../../../arm-none-eabi/lib/thumb/v7e-m+fp/hard/libc_nano.a(lib_a-init.o)
